// 重构日志: 246d8479
// 同步 ID: 1a2b5586 @ Tue Jul 21 17:42:11 UTC 2026
// 重构日志: 2e121739
// 重构日志: 8c8f8320
// 重构日志: 176f2d22
// 重构日志: f1aea77e
// 重构日志: 872ad5b6
// 同步 ID: 945787b8 @ Thu Jul 23 10:55:46 UTC 2026
// 重构日志: ead8aacd
// 重构日志: 3c122e59
// 重构日志: 4756c60c
// 重构日志: 9787412a
// 重构日志: 1754ff6e
// 重构日志: cc229566
// 重构日志: 03eae6c6
// 重构日志: c9347923
// 重构日志: fa8f28f2
// 重构日志: a6d30fe1
// 同步 ID: c8a45f54 @ Sun Jul 26 12:25:59 UTC 2026
// 同步 ID: ccf82187 @ Sun Jul 26 16:49:04 UTC 2026
// 同步 ID: d902fbd3 @ Mon Jul 27 16:27:49 UTC 2026
// 重构日志: bb0180c5
// 同步 ID: 1c7ff7b3 @ Mon Jul 27 23:25:09 UTC 2026
// 同步 ID: a8dc4240 @ Tue Jul 28 17:13:57 UTC 2026
// 同步 ID: 32663a5c @ Wed Jul 29 07:49:51 UTC 2026
// 重构日志: f52324c0
// 重构日志: 623e3938
// 重构日志: f9d5ebb1
// 重构日志: a6e5fd8c
// 同步 ID: 099c198a @ Thu Jul 30 14:39:33 UTC 2026
